// Jest Snapshot v1, https://goo.gl/fbAQLP

exports[`should render a h1 welcome message 1`] = `
<div
  className="container"
>
  <div
    className="menu"
  >
    <div
      className="navbar"
    >
      <div
        className="logo"
      >
        <img
          alt=""
          src="test-file-stub"
        />
      </div>
      <div
        className="left-menu"
      >
        <a
          href="/"
          onClick={[Function]}
        >
          HOME
        </a>
        <a
          href="/gallery"
          onClick={[Function]}
        >
          GALLERY
        </a>
        <a
          href="/about"
          onClick={[Function]}
        >
          ABOUT US
        </a>
      </div>
      <div
        className="right-menu"
      >
        <button
          type="button"
        >
          Login
        </button>
        <button
          className="btn-round"
          type="button"
        >
          Get Started
        </button>
      </div>
    </div>
  </div>
  <div
    className="display"
  >
    <img
      alt=""
      className="slide"
      src="test-file-stub"
    />
  </div>
  <div
    className="content"
  />
  <div
    className="footer"
  />
</div>
`;
